<object-stream>
<org.drools.core.audit.WorkingMemoryLog>
  <version>6.1</version>
  <events>
    <org.drools.core.audit.event.ObjectLogEvent>
      <type>1</type>
      <factId>1</factId>
      <objectToString>Start</objectToString>
    </org.drools.core.audit.event.ObjectLogEvent>
    <org.drools.core.audit.event.ActivationLogEvent>
      <type>4</type>
      <activationId>init [1]</activationId>
      <rule>init</rule>
      <declarations>s=Start</declarations>
      <factHandleIds>1</factHandleIds>
    </org.drools.core.audit.event.ActivationLogEvent>
    <org.drools.core.audit.event.ActivationLogEvent>
      <type>6</type>
      <activationId>init [1]</activationId>
      <rule>init</rule>
      <declarations>s=Start</declarations>
      <factHandleIds>1</factHandleIds>
    </org.drools.core.audit.event.ActivationLogEvent>
    <org.drools.core.audit.event.ObjectLogEvent>
      <type>1</type>
      <factId>2</factId>
      <objectToString>Answer( answer=Start )</objectToString>
    </org.drools.core.audit.event.ObjectLogEvent>
    <org.drools.core.audit.event.ActivationLogEvent>
      <type>7</type>
      <activationId>init [1]</activationId>
      <rule>init</rule>
      <declarations>s=Start</declarations>
      <factHandleIds>1</factHandleIds>
    </org.drools.core.audit.event.ActivationLogEvent>
    <org.drools.core.audit.event.ActivationLogEvent>
      <type>4</type>
      <activationId>Start [2]</activationId>
      <rule>Start</rule>
      <declarations>a=Answer( answer=Start )</declarations>
      <factHandleIds>2</factHandleIds>
    </org.drools.core.audit.event.ActivationLogEvent>
    <org.drools.core.audit.event.ActivationLogEvent>
      <type>6</type>
      <activationId>Start [2]</activationId>
      <rule>Start</rule>
      <declarations>a=Answer( answer=Start )</declarations>
      <factHandleIds>2</factHandleIds>
    </org.drools.core.audit.event.ActivationLogEvent>
    <org.drools.core.audit.event.ObjectLogEvent>
      <type>1</type>
      <factId>3</factId>
      <objectToString>UsedAnswer( answer=Start )</objectToString>
    </org.drools.core.audit.event.ObjectLogEvent>
    <org.drools.core.audit.event.ActivationLogEvent>
      <type>7</type>
      <activationId>Start [2]</activationId>
      <rule>Start</rule>
      <declarations>a=Answer( answer=Start )</declarations>
      <factHandleIds>2</factHandleIds>
    </org.drools.core.audit.event.ActivationLogEvent>
    <org.drools.core.audit.event.ObjectLogEvent>
      <type>1</type>
      <factId>4</factId>
      <objectToString>Something ambitious</objectToString>
    </org.drools.core.audit.event.ObjectLogEvent>
    <org.drools.core.audit.event.ActivationLogEvent>
      <type>4</type>
      <activationId>init [4]</activationId>
      <rule>init</rule>
      <declarations>s=Something ambitious</declarations>
      <factHandleIds>4</factHandleIds>
    </org.drools.core.audit.event.ActivationLogEvent>
    <org.drools.core.audit.event.ActivationLogEvent>
      <type>6</type>
      <activationId>init [4]</activationId>
      <rule>init</rule>
      <declarations>s=Something ambitious</declarations>
      <factHandleIds>4</factHandleIds>
    </org.drools.core.audit.event.ActivationLogEvent>
    <org.drools.core.audit.event.ObjectLogEvent>
      <type>1</type>
      <factId>5</factId>
      <objectToString>Answer( answer=Something ambitious )</objectToString>
    </org.drools.core.audit.event.ObjectLogEvent>
    <org.drools.core.audit.event.ActivationLogEvent>
      <type>7</type>
      <activationId>init [4]</activationId>
      <rule>init</rule>
      <declarations>s=Something ambitious</declarations>
      <factHandleIds>4</factHandleIds>
    </org.drools.core.audit.event.ActivationLogEvent>
    <org.drools.core.audit.event.ActivationLogEvent>
      <type>4</type>
      <activationId>Something ambitious [5]</activationId>
      <rule>Something ambitious</rule>
      <declarations>a=Answer( answer=Something ambitious )</declarations>
      <factHandleIds>5</factHandleIds>
    </org.drools.core.audit.event.ActivationLogEvent>
    <org.drools.core.audit.event.ActivationLogEvent>
      <type>6</type>
      <activationId>Something ambitious [5]</activationId>
      <rule>Something ambitious</rule>
      <declarations>a=Answer( answer=Something ambitious )</declarations>
      <factHandleIds>5</factHandleIds>
    </org.drools.core.audit.event.ActivationLogEvent>
    <org.drools.core.audit.event.ObjectLogEvent>
      <type>1</type>
      <factId>6</factId>
      <objectToString>UsedAnswer( answer=Something ambitious )</objectToString>
    </org.drools.core.audit.event.ObjectLogEvent>
    <org.drools.core.audit.event.ActivationLogEvent>
      <type>7</type>
      <activationId>Something ambitious [5]</activationId>
      <rule>Something ambitious</rule>
      <declarations>a=Answer( answer=Something ambitious )</declarations>
      <factHandleIds>5</factHandleIds>
    </org.drools.core.audit.event.ActivationLogEvent>
    <org.drools.core.audit.event.ObjectLogEvent>
      <type>1</type>
      <factId>7</factId>
      <objectToString>Drama</objectToString>
    </org.drools.core.audit.event.ObjectLogEvent>
    <org.drools.core.audit.event.ActivationLogEvent>
      <type>4</type>
      <activationId>init [7]</activationId>
      <rule>init</rule>
      <declarations>s=Drama</declarations>
      <factHandleIds>7</factHandleIds>
    </org.drools.core.audit.event.ActivationLogEvent>
    <org.drools.core.audit.event.ActivationLogEvent>
      <type>6</type>
      <activationId>init [7]</activationId>
      <rule>init</rule>
      <declarations>s=Drama</declarations>
      <factHandleIds>7</factHandleIds>
    </org.drools.core.audit.event.ActivationLogEvent>
    <org.drools.core.audit.event.ObjectLogEvent>
      <type>1</type>
      <factId>8</factId>
      <objectToString>Answer( answer=Drama )</objectToString>
    </org.drools.core.audit.event.ObjectLogEvent>
    <org.drools.core.audit.event.ActivationLogEvent>
      <type>7</type>
      <activationId>init [7]</activationId>
      <rule>init</rule>
      <declarations>s=Drama</declarations>
      <factHandleIds>7</factHandleIds>
    </org.drools.core.audit.event.ActivationLogEvent>
    <org.drools.core.audit.event.ActivationLogEvent>
      <type>4</type>
      <activationId>Drama [8]</activationId>
      <rule>Drama</rule>
      <declarations>a=Answer( answer=Drama )</declarations>
      <factHandleIds>8</factHandleIds>
    </org.drools.core.audit.event.ActivationLogEvent>
    <org.drools.core.audit.event.ActivationLogEvent>
      <type>6</type>
      <activationId>Drama [8]</activationId>
      <rule>Drama</rule>
      <declarations>a=Answer( answer=Drama )</declarations>
      <factHandleIds>8</factHandleIds>
    </org.drools.core.audit.event.ActivationLogEvent>
    <org.drools.core.audit.event.ObjectLogEvent>
      <type>1</type>
      <factId>9</factId>
      <objectToString>UsedAnswer( answer=Drama )</objectToString>
    </org.drools.core.audit.event.ObjectLogEvent>
    <org.drools.core.audit.event.ActivationLogEvent>
      <type>7</type>
      <activationId>Drama [8]</activationId>
      <rule>Drama</rule>
      <declarations>a=Answer( answer=Drama )</declarations>
      <factHandleIds>8</factHandleIds>
    </org.drools.core.audit.event.ActivationLogEvent>
    <org.drools.core.audit.event.ObjectLogEvent>
      <type>1</type>
      <factId>10</factId>
      <objectToString>Serious story</objectToString>
    </org.drools.core.audit.event.ObjectLogEvent>
    <org.drools.core.audit.event.ActivationLogEvent>
      <type>4</type>
      <activationId>init [10]</activationId>
      <rule>init</rule>
      <declarations>s=Serious story</declarations>
      <factHandleIds>10</factHandleIds>
    </org.drools.core.audit.event.ActivationLogEvent>
    <org.drools.core.audit.event.ActivationLogEvent>
      <type>6</type>
      <activationId>init [10]</activationId>
      <rule>init</rule>
      <declarations>s=Serious story</declarations>
      <factHandleIds>10</factHandleIds>
    </org.drools.core.audit.event.ActivationLogEvent>
    <org.drools.core.audit.event.ObjectLogEvent>
      <type>1</type>
      <factId>11</factId>
      <objectToString>Answer( answer=Serious story )</objectToString>
    </org.drools.core.audit.event.ObjectLogEvent>
    <org.drools.core.audit.event.ActivationLogEvent>
      <type>7</type>
      <activationId>init [10]</activationId>
      <rule>init</rule>
      <declarations>s=Serious story</declarations>
      <factHandleIds>10</factHandleIds>
    </org.drools.core.audit.event.ActivationLogEvent>
    <org.drools.core.audit.event.ActivationLogEvent>
      <type>4</type>
      <activationId>Serious story [11]</activationId>
      <rule>Serious story</rule>
      <declarations>a=Answer( answer=Serious story )</declarations>
      <factHandleIds>11</factHandleIds>
    </org.drools.core.audit.event.ActivationLogEvent>
    <org.drools.core.audit.event.ActivationLogEvent>
      <type>6</type>
      <activationId>Serious story [11]</activationId>
      <rule>Serious story</rule>
      <declarations>a=Answer( answer=Serious story )</declarations>
      <factHandleIds>11</factHandleIds>
    </org.drools.core.audit.event.ActivationLogEvent>
    <org.drools.core.audit.event.ObjectLogEvent>
      <type>1</type>
      <factId>12</factId>
      <objectToString>UsedAnswer( answer=Serious story )</objectToString>
    </org.drools.core.audit.event.ObjectLogEvent>
    <org.drools.core.audit.event.ActivationLogEvent>
      <type>7</type>
      <activationId>Serious story [11]</activationId>
      <rule>Serious story</rule>
      <declarations>a=Answer( answer=Serious story )</declarations>
      <factHandleIds>11</factHandleIds>
    </org.drools.core.audit.event.ActivationLogEvent>
    <org.drools.core.audit.event.ObjectLogEvent>
      <type>1</type>
      <factId>13</factId>
      <objectToString>Postapocalyptical rural utopia</objectToString>
    </org.drools.core.audit.event.ObjectLogEvent>
    <org.drools.core.audit.event.ActivationLogEvent>
      <type>4</type>
      <activationId>init [13]</activationId>
      <rule>init</rule>
      <declarations>s=Postapocalyptical rural utopia</declarations>
      <factHandleIds>13</factHandleIds>
    </org.drools.core.audit.event.ActivationLogEvent>
    <org.drools.core.audit.event.ActivationLogEvent>
      <type>6</type>
      <activationId>init [13]</activationId>
      <rule>init</rule>
      <declarations>s=Postapocalyptical rural utopia</declarations>
      <factHandleIds>13</factHandleIds>
    </org.drools.core.audit.event.ActivationLogEvent>
    <org.drools.core.audit.event.ObjectLogEvent>
      <type>1</type>
      <factId>14</factId>
      <objectToString>Answer( answer=Postapocalyptical rural utopia )</objectToString>
    </org.drools.core.audit.event.ObjectLogEvent>
    <org.drools.core.audit.event.ActivationLogEvent>
      <type>7</type>
      <activationId>init [13]</activationId>
      <rule>init</rule>
      <declarations>s=Postapocalyptical rural utopia</declarations>
      <factHandleIds>13</factHandleIds>
    </org.drools.core.audit.event.ActivationLogEvent>
    <org.drools.core.audit.event.ActivationLogEvent>
      <type>4</type>
      <activationId>Postapocalyptical rural utopia [14]</activationId>
      <rule>Postapocalyptical rural utopia</rule>
      <declarations>a=Answer( answer=Postapocalyptical rural utopia )</declarations>
      <factHandleIds>14</factHandleIds>
    </org.drools.core.audit.event.ActivationLogEvent>
    <org.drools.core.audit.event.ActivationLogEvent>
      <type>6</type>
      <activationId>Postapocalyptical rural utopia [14]</activationId>
      <rule>Postapocalyptical rural utopia</rule>
      <declarations>a=Answer( answer=Postapocalyptical rural utopia )</declarations>
      <factHandleIds>14</factHandleIds>
    </org.drools.core.audit.event.ActivationLogEvent>
    <org.drools.core.audit.event.ObjectLogEvent>
      <type>1</type>
      <factId>15</factId>
      <objectToString>FinalAnswer( answers=[Answer( answer=Shinsekai yori )] )</objectToString>
    </org.drools.core.audit.event.ObjectLogEvent>
    <org.drools.core.audit.event.ObjectLogEvent>
      <type>1</type>
      <factId>16</factId>
      <objectToString>UsedAnswer( answer=Postapocalyptical rural utopia )</objectToString>
    </org.drools.core.audit.event.ObjectLogEvent>
    <org.drools.core.audit.event.ActivationLogEvent>
      <type>7</type>
      <activationId>Postapocalyptical rural utopia [14]</activationId>
      <rule>Postapocalyptical rural utopia</rule>
      <declarations>a=Answer( answer=Postapocalyptical rural utopia )</declarations>
      <factHandleIds>14</factHandleIds>
    </org.drools.core.audit.event.ActivationLogEvent>
    <org.drools.core.audit.event.ActivationLogEvent>
      <type>4</type>
      <activationId>End [15]</activationId>
      <rule>End</rule>
      <declarations>f=FinalAnswer( answers=[Answer( answer=Shinsekai yori )] )</declarations>
      <factHandleIds>15</factHandleIds>
    </org.drools.core.audit.event.ActivationLogEvent>
    <org.drools.core.audit.event.ActivationLogEvent>
      <type>6</type>
      <activationId>End [15]</activationId>
      <rule>End</rule>
      <declarations>f=FinalAnswer( answers=[Answer( answer=Shinsekai yori )] )</declarations>
      <factHandleIds>15</factHandleIds>
    </org.drools.core.audit.event.ActivationLogEvent>
  </events>
</org.drools.core.audit.WorkingMemoryLog>
</object-stream>
